// Jest Snapshot v1, https://goo.gl/fbAQLP

exports[`Routes component renders correctly 1`] = `
<div
  class="sc-fzokOt gOMuPb"
>
  <nav
    class="sc-AxjAm dziQKn"
  >
    <ul
      class="sc-AxirZ gvYqiO"
    >
      <li
        class="sc-AxiKw AaZUP"
      >
        <a
          href="/"
        >
          Home
        </a>
      </li>
      <li
        class="sc-AxiKw AaZUP"
      >
        <a
          href="/register-tenant/name"
        >
          Register
        </a>
      </li>
    </ul>
  </nav>
  <div
    class="sc-AxhCb hAQIIS"
  >
    This is implementation of 
    <a
      href="https://www.notion.so/Frontend-Challenge-vo2-2020-bea9e123187f405e9c58db8c9e5f0320"
    >
      Frontend Challenge vo2 - 2020.
    </a>
  </div>
</div>
`;
