// Jest Snapshot v1, https://goo.gl/fbAQLP

exports[`Navigation component renders correctly 1`] = `
<nav
  class="sc-AxjAm dziQKn"
>
  <ul
    class="sc-AxirZ gvYqiO"
  >
    <li
      class="sc-AxiKw AaZUP"
    >
      <a
        href="/"
      >
        Home
      </a>
    </li>
    <li
      class="sc-AxiKw AaZUP"
    >
      <a
        href="/register-tenant/name"
      >
        Register
      </a>
    </li>
  </ul>
</nav>
`;
